// Jest Snapshot v1, https://goo.gl/fbAQLP

exports[`Header should match snapshot 1`] = `
<div>
  <nav
    class="navbar navbar"
  >
    <div
      class="container-fluid"
    >
      <h3
        class="heading"
      >
        Employee Manager
      </h3>
    </div>
  </nav>
</div>
`;
